// Jest Snapshot v1, https://goo.gl/fbAQLP

exports[`Add Recipe Menu Renders without crashing 1`] = `
<div
  id="myModal"
  onClick={[Function]}
  style={
    Object {
      "display": "block",
    }
  }
>
  <form
    className="myModal-content container"
  >
    <h4
      className="myModal-header"
    >
      Add a Recipe
    </h4>
    <div
      className="form-group"
    >
      <label>
        Recipe
      </label>
      <input
        className="form-control"
        onChange={[Function]}
        placeholder="Enter a Title"
        type="text"
        value=""
      />
    </div>
    <div
      className="form-group"
    >
      <label>
        Ingredients
      </label>
      <input
        className="form-control"
        onChange={[Function]}
        placeholder="Enter ingredients, separated, by, commas"
        type="text"
        value=""
      />
    </div>
    <div
      className="pull-right"
    >
      <button
        className="btn btn-primary submit-recipe"
        onClick={[Function]}
      >
        Add Recipe
      </button>
      <button
        className="btn btn-default close-modal"
        onClick={[Function]}
      >
        Close
      </button>
    </div>
  </form>
</div>
`;
