// Jest Snapshot v1, https://goo.gl/fbAQLP

exports[`Edit Button Snapshot test 1`] = `
<div>
  Loading...
</div>
`;
